
   PASS  Tests\Unit\ExampleTest
  ✓ that true…  0.01s  

   FAIL  Tests\Feature\Auth\AuthenticationTest
  ⨯ login screen can be rendered
  ⨯ users can authenticate using the login screen
  ⨯ users can not authenticate with invalid password
  ⨯ users can logout

   FAIL  Tests\Feature\Auth\EmailVerificationTest
  ⨯ email verification screen can be rendered
  ⨯ email can be verified
  ⨯ email is not verified with invalid hash

   FAIL  Tests\Feature\Auth\PasswordConfirmationTest
  ⨯ confirm password screen can be rendered
  ⨯ password can be confirmed
  ⨯ password is not confirmed with invalid password

   FAIL  Tests\Feature\Auth\PasswordResetTest
  ⨯ reset password link screen can be rendered
  ⨯ reset password link can be requested
  ⨯ reset password screen can be rendered
  ⨯ password can be reset with valid token

   FAIL  Tests\Feature\Auth\PasswordUpdateTest
  ⨯ password can be updated
  ⨯ correct password must be provided to update password

   FAIL  Tests\Feature\Auth\RegistrationTest
  ⨯ registration screen can be rendered
  ⨯ new users can register

   FAIL  Tests\Feature\EndpointsTest
  ⨯ public pages load successfully
  ⨯ user dashboard pages load successfully
  ⨯ admin dashboard pages load successfully

   FAIL  Tests\Feature\ExampleTest
  ⨯ the applic… 1.45s  

   FAIL  Tests\Feature\ProfileTest
  ⨯ profile page is displayed
  ⨯ profile information can be updated
  ⨯ email verification status is unchanged when the email address is unchanged
  ⨯ user can delete their account
  ⨯ correct password must be provided to delete account
  ───────────────────  
  …   QueryException   
  could not find driver (Connection: sqlite, Database: :memory:, SQL: select exists (select 1 from "main".sqlite_master where name = 'migrations' and type = 'table') as "exists")

  at vendor\laravel\framework\src\Illuminate\Database\Connection.php:838
    834▕             $exceptionType = $this->isUniqueConstraintError($e)
    835▕                 ? UniqueConstraintViolationException::class
    836▕                 : QueryException::class;
    837▕ 
  ➜ 838▕             throw new $exceptionType(
    839▕                 $this->getNameWithReadWriteType(),
    840▕                 $query,
    841▕                 $this->prepareBindings($bindings),
    842▕                 $e,

  1   vendor\laravel\framework\src\Illuminate\Database\Connection.php:838

  2   vendor\laravel\framework\src\Illuminate\Database\Connectors\Connector.php:66
      NunoMaduro\Collision\Exceptions\TestException::("could not find driver")

  ───────────────────  
  …   QueryException   
  could not find driver (Connection: sqlite, Database: :memory:, SQL: select exists (select 1 from "main".sqlite_master where name = 'migrations' and type = 'table') as "exists")

  at vendor\laravel\framework\src\Illuminate\Database\Connection.php:838
    834▕             $exceptionType = $this->isUniqueConstraintError($e)
    835▕                 ? UniqueConstraintViolationException::class
    836▕                 : QueryException::class;
    837▕ 
  ➜ 838▕             throw new $exceptionType(
    839▕                 $this->getNameWithReadWriteType(),
    840▕                 $query,
    841▕                 $this->prepareBindings($bindings),
    842▕                 $e,

  1   vendor\laravel\framework\src\Illuminate\Database\Connection.php:838

  2   vendor\laravel\framework\src\Illuminate\Database\Connectors\Connector.php:66
      NunoMaduro\Collision\Exceptions\TestException::("could not find driver")

  ───────────────────  
  …   QueryException   
  could not find driver (Connection: sqlite, Database: :memory:, SQL: select exists (select 1 from "main".sqlite_master where name = 'migrations' and type = 'table') as "exists")

  at vendor\laravel\framework\src\Illuminate\Database\Connection.php:838
    834▕             $exceptionType = $this->isUniqueConstraintError($e)
    835▕                 ? UniqueConstraintViolationException::class
    836▕                 : QueryException::class;
    837▕ 
  ➜ 838▕             throw new $exceptionType(
    839▕                 $this->getNameWithReadWriteType(),
    840▕                 $query,
    841▕                 $this->prepareBindings($bindings),
    842▕                 $e,

  1   vendor\laravel\framework\src\Illuminate\Database\Connection.php:838

  2   vendor\laravel\framework\src\Illuminate\Database\Connectors\Connector.php:66
      NunoMaduro\Collision\Exceptions\TestException::("could not find driver")

  ───────────────────  
  …   QueryException   
  could not find driver (Connection: sqlite, Database: :memory:, SQL: select exists (select 1 from "main".sqlite_master where name = 'migrations' and type = 'table') as "exists")

  at vendor\laravel\framework\src\Illuminate\Database\Connection.php:838
    834▕             $exceptionType = $this->isUniqueConstraintError($e)
    835▕                 ? UniqueConstraintViolationException::class
    836▕                 : QueryException::class;
    837▕ 
  ➜ 838▕             throw new $exceptionType(
    839▕                 $this->getNameWithReadWriteType(),
    840▕                 $query,
    841▕                 $this->prepareBindings($bindings),
    842▕                 $e,

  1   vendor\laravel\framework\src\Illuminate\Database\Connection.php:838

  2   vendor\laravel\framework\src\Illuminate\Database\Connectors\Connector.php:66
      NunoMaduro\Collision\Exceptions\TestException::("could not find driver")

  ───────────────────  
  …   QueryException   
  could not find driver (Connection: sqlite, Database: :memory:, SQL: select exists (select 1 from "main".sqlite_master where name = 'migrations' and type = 'table') as "exists")

  at vendor\laravel\framework\src\Illuminate\Database\Connection.php:838
    834▕             $exceptionType = $this->isUniqueConstraintError($e)
    835▕                 ? UniqueConstraintViolationException::class
    836▕                 : QueryException::class;
    837▕ 
  ➜ 838▕             throw new $exceptionType(
    839▕                 $this->getNameWithReadWriteType(),
    840▕                 $query,
    841▕                 $this->prepareBindings($bindings),
    842▕                 $e,

  1   vendor\laravel\framework\src\Illuminate\Database\Connection.php:838

  2   vendor\laravel\framework\src\Illuminate\Database\Connectors\Connector.php:66
      NunoMaduro\Collision\Exceptions\TestException::("could not find driver")

  ───────────────────  
  …   QueryException   
  could not find driver (Connection: sqlite, Database: :memory:, SQL: select exists (select 1 from "main".sqlite_master where name = 'migrations' and type = 'table') as "exists")

  at vendor\laravel\framework\src\Illuminate\Database\Connection.php:838
    834▕             $exceptionType = $this->isUniqueConstraintError($e)
    835▕                 ? UniqueConstraintViolationException::class
    836▕                 : QueryException::class;
    837▕ 
  ➜ 838▕             throw new $exceptionType(
    839▕                 $this->getNameWithReadWriteType(),
    840▕                 $query,
    841▕                 $this->prepareBindings($bindings),
    842▕                 $e,

  1   vendor\laravel\framework\src\Illuminate\Database\Connection.php:838

  2   vendor\laravel\framework\src\Illuminate\Database\Connectors\Connector.php:66
      NunoMaduro\Collision\Exceptions\TestException::("could not find driver")

  ───────────────────  
  …   QueryException   
  could not find driver (Connection: sqlite, Database: :memory:, SQL: select exists (select 1 from "main".sqlite_master where name = 'migrations' and type = 'table') as "exists")

  at vendor\laravel\framework\src\Illuminate\Database\Connection.php:838
    834▕             $exceptionType = $this->isUniqueConstraintError($e)
    835▕                 ? UniqueConstraintViolationException::class
    836▕                 : QueryException::class;
    837▕ 
  ➜ 838▕             throw new $exceptionType(
    839▕                 $this->getNameWithReadWriteType(),
    840▕                 $query,
    841▕                 $this->prepareBindings($bindings),
    842▕                 $e,

  1   vendor\laravel\framework\src\Illuminate\Database\Connection.php:838

  2   vendor\laravel\framework\src\Illuminate\Database\Connectors\Connector.php:66
      NunoMaduro\Collision\Exceptions\TestException::("could not find driver")

  ───────────────────  
  …   QueryException   
  could not find driver (Connection: sqlite, Database: :memory:, SQL: select exists (select 1 from "main".sqlite_master where name = 'migrations' and type = 'table') as "exists")

  at vendor\laravel\framework\src\Illuminate\Database\Connection.php:838
    834▕             $exceptionType = $this->isUniqueConstraintError($e)
    835▕                 ? UniqueConstraintViolationException::class
    836▕                 : QueryException::class;
    837▕ 
  ➜ 838▕             throw new $exceptionType(
    839▕                 $this->getNameWithReadWriteType(),
    840▕                 $query,
    841▕                 $this->prepareBindings($bindings),
    842▕                 $e,

  1   vendor\laravel\framework\src\Illuminate\Database\Connection.php:838

  2   vendor\laravel\framework\src\Illuminate\Database\Connectors\Connector.php:66
      NunoMaduro\Collision\Exceptions\TestException::("could not find driver")

  ───────────────────  
  …   QueryException   
  could not find driver (Connection: sqlite, Database: :memory:, SQL: select exists (select 1 from "main".sqlite_master where name = 'migrations' and type = 'table') as "exists")

  at vendor\laravel\framework\src\Illuminate\Database\Connection.php:838
    834▕             $exceptionType = $this->isUniqueConstraintError($e)
    835▕                 ? UniqueConstraintViolationException::class
    836▕                 : QueryException::class;
    837▕ 
  ➜ 838▕             throw new $exceptionType(
    839▕                 $this->getNameWithReadWriteType(),
    840▕                 $query,
    841▕                 $this->prepareBindings($bindings),
    842▕                 $e,

  1   vendor\laravel\framework\src\Illuminate\Database\Connection.php:838

  2   vendor\laravel\framework\src\Illuminate\Database\Connectors\Connector.php:66
      NunoMaduro\Collision\Exceptions\TestException::("could not find driver")

  ───────────────────  
  …   QueryException   
  could not find driver (Connection: sqlite, Database: :memory:, SQL: select exists (select 1 from "main".sqlite_master where name = 'migrations' and type = 'table') as "exists")

  at vendor\laravel\framework\src\Illuminate\Database\Connection.php:838
    834▕             $exceptionType = $this->isUniqueConstraintError($e)
    835▕                 ? UniqueConstraintViolationException::class
    836▕                 : QueryException::class;
    837▕ 
  ➜ 838▕             throw new $exceptionType(
    839▕                 $this->getNameWithReadWriteType(),
    840▕                 $query,
    841▕                 $this->prepareBindings($bindings),
    842▕                 $e,

  1   vendor\laravel\framework\src\Illuminate\Database\Connection.php:838

  2   vendor\laravel\framework\src\Illuminate\Database\Connectors\Connector.php:66
      NunoMaduro\Collision\Exceptions\TestException::("could not find driver")

  ───────────────────  
  …   QueryException   
  could not find driver (Connection: sqlite, Database: :memory:, SQL: select exists (select 1 from "main".sqlite_master where name = 'migrations' and type = 'table') as "exists")

  at vendor\laravel\framework\src\Illuminate\Database\Connection.php:838
    834▕             $exceptionType = $this->isUniqueConstraintError($e)
    835▕                 ? UniqueConstraintViolationException::class
    836▕                 : QueryException::class;
    837▕ 
  ➜ 838▕             throw new $exceptionType(
    839▕                 $this->getNameWithReadWriteType(),
    840▕                 $query,
    841▕                 $this->prepareBindings($bindings),
    842▕                 $e,

  1   vendor\laravel\framework\src\Illuminate\Database\Connection.php:838

  2   vendor\laravel\framework\src\Illuminate\Database\Connectors\Connector.php:66
      NunoMaduro\Collision\Exceptions\TestException::("could not find driver")

  ───────────────────  
  …   QueryException   
  could not find driver (Connection: sqlite, Database: :memory:, SQL: select exists (select 1 from "main".sqlite_master where name = 'migrations' and type = 'table') as "exists")

  at vendor\laravel\framework\src\Illuminate\Database\Connection.php:838
    834▕             $exceptionType = $this->isUniqueConstraintError($e)
    835▕                 ? UniqueConstraintViolationException::class
    836▕                 : QueryException::class;
    837▕ 
  ➜ 838▕             throw new $exceptionType(
    839▕                 $this->getNameWithReadWriteType(),
    840▕                 $query,
    841▕                 $this->prepareBindings($bindings),
    842▕                 $e,

  1   vendor\laravel\framework\src\Illuminate\Database\Connection.php:838

  2   vendor\laravel\framework\src\Illuminate\Database\Connectors\Connector.php:66
      NunoMaduro\Collision\Exceptions\TestException::("could not find driver")

  ───────────────────  
  …   QueryException   
  could not find driver (Connection: sqlite, Database: :memory:, SQL: select exists (select 1 from "main".sqlite_master where name = 'migrations' and type = 'table') as "exists")

  at vendor\laravel\framework\src\Illuminate\Database\Connection.php:838
    834▕             $exceptionType = $this->isUniqueConstraintError($e)
    835▕                 ? UniqueConstraintViolationException::class
    836▕                 : QueryException::class;
    837▕ 
  ➜ 838▕             throw new $exceptionType(
    839▕                 $this->getNameWithReadWriteType(),
    840▕                 $query,
    841▕                 $this->prepareBindings($bindings),
    842▕                 $e,

  1   vendor\laravel\framework\src\Illuminate\Database\Connection.php:838

  2   vendor\laravel\framework\src\Illuminate\Database\Connectors\Connector.php:66
      NunoMaduro\Collision\Exceptions\TestException::("could not find driver")

  ───────────────────  
  …   QueryException   
  could not find driver (Connection: sqlite, Database: :memory:, SQL: select exists (select 1 from "main".sqlite_master where name = 'migrations' and type = 'table') as "exists")

  at vendor\laravel\framework\src\Illuminate\Database\Connection.php:838
    834▕             $exceptionType = $this->isUniqueConstraintError($e)
    835▕                 ? UniqueConstraintViolationException::class
    836▕                 : QueryException::class;
    837▕ 
  ➜ 838▕             throw new $exceptionType(
    839▕                 $this->getNameWithReadWriteType(),
    840▕                 $query,
    841▕                 $this->prepareBindings($bindings),
    842▕                 $e,

  1   vendor\laravel\framework\src\Illuminate\Database\Connection.php:838

  2   vendor\laravel\framework\src\Illuminate\Database\Connectors\Connector.php:66
      NunoMaduro\Collision\Exceptions\TestException::("could not find driver")

  ───────────────────  
  …   QueryException   
  could not find driver (Connection: sqlite, Database: :memory:, SQL: select exists (select 1 from "main".sqlite_master where name = 'migrations' and type = 'table') as "exists")

  at vendor\laravel\framework\src\Illuminate\Database\Connection.php:838
    834▕             $exceptionType = $this->isUniqueConstraintError($e)
    835▕                 ? UniqueConstraintViolationException::class
    836▕                 : QueryException::class;
    837▕ 
  ➜ 838▕             throw new $exceptionType(
    839▕                 $this->getNameWithReadWriteType(),
    840▕                 $query,
    841▕                 $this->prepareBindings($bindings),
    842▕                 $e,

  1   vendor\laravel\framework\src\Illuminate\Database\Connection.php:838

  2   vendor\laravel\framework\src\Illuminate\Database\Connectors\Connector.php:66
      NunoMaduro\Collision\Exceptions\TestException::("could not find driver")

  ───────────────────  
  …   QueryException   
  could not find driver (Connection: sqlite, Database: :memory:, SQL: select exists (select 1 from "main".sqlite_master where name = 'migrations' and type = 'table') as "exists")

  at vendor\laravel\framework\src\Illuminate\Database\Connection.php:838
    834▕             $exceptionType = $this->isUniqueConstraintError($e)
    835▕                 ? UniqueConstraintViolationException::class
    836▕                 : QueryException::class;
    837▕ 
  ➜ 838▕             throw new $exceptionType(
    839▕                 $this->getNameWithReadWriteType(),
    840▕                 $query,
    841▕                 $this->prepareBindings($bindings),
    842▕                 $e,

  1   vendor\laravel\framework\src\Illuminate\Database\Connection.php:838

  2   vendor\laravel\framework\src\Illuminate\Database\Connectors\Connector.php:66
      NunoMaduro\Collision\Exceptions\TestException::("could not find driver")

  ───────────────────  
  …   QueryException   
  could not find driver (Connection: sqlite, Database: :memory:, SQL: select exists (select 1 from "main".sqlite_master where name = 'migrations' and type = 'table') as "exists")

  at vendor\laravel\framework\src\Illuminate\Database\Connection.php:838
    834▕             $exceptionType = $this->isUniqueConstraintError($e)
    835▕                 ? UniqueConstraintViolationException::class
    836▕                 : QueryException::class;
    837▕ 
  ➜ 838▕             throw new $exceptionType(
    839▕                 $this->getNameWithReadWriteType(),
    840▕                 $query,
    841▕                 $this->prepareBindings($bindings),
    842▕                 $e,

  1   vendor\laravel\framework\src\Illuminate\Database\Connection.php:838

  2   vendor\laravel\framework\src\Illuminate\Database\Connectors\Connector.php:66
      NunoMaduro\Collision\Exceptions\TestException::("could not find driver")

  ───────────────────  
  …   QueryException   
  could not find driver (Connection: sqlite, Database: :memory:, SQL: select exists (select 1 from "main".sqlite_master where name = 'migrations' and type = 'table') as "exists")

  at vendor\laravel\framework\src\Illuminate\Database\Connection.php:838
    834▕             $exceptionType = $this->isUniqueConstraintError($e)
    835▕                 ? UniqueConstraintViolationException::class
    836▕                 : QueryException::class;
    837▕ 
  ➜ 838▕             throw new $exceptionType(
    839▕                 $this->getNameWithReadWriteType(),
    840▕                 $query,
    841▕                 $this->prepareBindings($bindings),
    842▕                 $e,

  1   vendor\laravel\framework\src\Illuminate\Database\Connection.php:838

  2   vendor\laravel\framework\src\Illuminate\Database\Connectors\Connector.php:66
      NunoMaduro\Collision\Exceptions\TestException::("could not find driver")

  ───────────────────  
  …   QueryException   
  could not find driver (Connection: sqlite, Database: :memory:, SQL: select exists (select 1 from "main".sqlite_master where name = 'migrations' and type = 'table') as "exists")

  at vendor\laravel\framework\src\Illuminate\Database\Connection.php:838
    834▕             $exceptionType = $this->isUniqueConstraintError($e)
    835▕                 ? UniqueConstraintViolationException::class
    836▕                 : QueryException::class;
    837▕ 
  ➜ 838▕             throw new $exceptionType(
    839▕                 $this->getNameWithReadWriteType(),
    840▕                 $query,
    841▕                 $this->prepareBindings($bindings),
    842▕                 $e,

  1   vendor\laravel\framework\src\Illuminate\Database\Connection.php:838

  2   vendor\laravel\framework\src\Illuminate\Database\Connectors\Connector.php:66
      NunoMaduro\Collision\Exceptions\TestException::("could not find driver")

  ───────────────────  
  …   QueryException   
  could not find driver (Connection: sqlite, Database: :memory:, SQL: select exists (select 1 from "main".sqlite_master where name = 'migrations' and type = 'table') as "exists")

  at vendor\laravel\framework\src\Illuminate\Database\Connection.php:838
    834▕             $exceptionType = $this->isUniqueConstraintError($e)
    835▕                 ? UniqueConstraintViolationException::class
    836▕                 : QueryException::class;
    837▕ 
  ➜ 838▕             throw new $exceptionType(
    839▕                 $this->getNameWithReadWriteType(),
    840▕                 $query,
    841▕                 $this->prepareBindings($bindings),
    842▕                 $e,

  1   vendor\laravel\framework\src\Illuminate\Database\Connection.php:838

  2   vendor\laravel\framework\src\Illuminate\Database\Connectors\Connector.php:66
      NunoMaduro\Collision\Exceptions\TestException::("could not find driver")

  ───────────────────  
  …   QueryException   
  could not find driver (Connection: sqlite, Database: :memory:, SQL: select exists (select 1 from "main".sqlite_master where name = 'migrations' and type = 'table') as "exists")

  at vendor\laravel\framework\src\Illuminate\Database\Connection.php:838
    834▕             $exceptionType = $this->isUniqueConstraintError($e)
    835▕                 ? UniqueConstraintViolationException::class
    836▕                 : QueryException::class;
    837▕ 
  ➜ 838▕             throw new $exceptionType(
    839▕                 $this->getNameWithReadWriteType(),
    840▕                 $query,
    841▕                 $this->prepareBindings($bindings),
    842▕                 $e,

  1   vendor\laravel\framework\src\Illuminate\Database\Connection.php:838

  2   vendor\laravel\framework\src\Illuminate\Database\Connectors\Connector.php:66
      NunoMaduro\Collision\Exceptions\TestException::("could not find driver")

  ───────────────────  
   FAILED  Tests\Fe…   
  Expected response status code [200] but received 500.
Failed asserting that 500 is identical to 200.

The following exception occurred during the last request:

PDOException: could not find driver in C:\Users\jhasa\Desktop\Santosh Quality store\vendor\laravel\framework\src\Illuminate\Database\Connectors\Connector.php:66
Stack trace:
#0 C:\Users\jhasa\Desktop\Santosh Quality store\vendor\laravel\framework\src\Illuminate\Database\Connectors\Connector.php(66): PDO->__construct('sqlite::memory:', NULL, Object(SensitiveParameterValue), Array)
#1 C:\Users\jhasa\Desktop\Santosh Quality store\vendor\laravel\framework\src\Illuminate\Database\Connectors\Connector.php(44): Illuminate\Database\Connectors\Connector->createPdoConnection('sqlite::memory:', NULL, Object(SensitiveParameterValue), Array)
#2 C:\Users\jhasa\Desktop\Santosh Quality store\vendor\laravel\framework\src\Illuminate\Database\Connectors\SQLiteConnector.php(21): Illuminate\Database\Connectors\Connector->createConnection('sqlite::memory:', Array, Array)
#3 C:\Users\jhasa\Desktop\Santosh Quality store\vendor\laravel\framework\src\Illuminate\Database\Connectors\ConnectionFactory.php(225): Illuminate\Database\Connectors\SQLiteConnector->connect(Array)
#4 [internal function]: Illuminate\Database\Connectors\ConnectionFactory->Illuminate\Database\Connectors\{closure}()
#5 C:\Users\jhasa\Desktop\Santosh Quality store\vendor\laravel\framework\src\Illuminate\Database\Connection.php(1257): call_user_func(Object(Closure))
#6 C:\Users\jhasa\Desktop\Santosh Quality store\vendor\laravel\framework\src\Illuminate\Database\Connection.php(1295): Illuminate\Database\Connection->getPdo()
#7 C:\Users\jhasa\Desktop\Santosh Quality store\vendor\laravel\framework\src\Illuminate\Database\Connection.php(525): Illuminate\Database\Connection->getReadPdo()
#8 C:\Users\jhasa\Desktop\Santosh Quality store\vendor\laravel\framework\src\Illuminate\Database\Connection.php(420): Illuminate\Database\Connection->getPdoForSelect(true)
#9 C:\Users\jhasa\Desktop\Santosh Quality store\vendor\laravel\framework\src\Illuminate\Database\Connection.php(827): Illuminate\Database\Connection->Illuminate\Database\{closure}('select * from "...', Array)
#10 C:\Users\jhasa\Desktop\Santosh Quality store\vendor\laravel\framework\src\Illuminate\Database\Connection.php(794): Illuminate\Database\Connection->runQueryCallback('select * from "...', Array, Object(Closure))
#11 C:\Users\jhasa\Desktop\Santosh Quality store\vendor\laravel\framework\src\Illuminate\Database\Connection.php(411): Illuminate\Database\Connection->run('select * from "...', Array, Object(Closure))
#12 C:\Users\jhasa\Desktop\Santosh Quality store\vendor\laravel\framework\src\Illuminate\Database\Query\Builder.php(3475): Illuminate\Database\Connection->select('select * from "...', Array, true)
#13 C:\Users\jhasa\Desktop\Santosh Quality store\vendor\laravel\framework\src\Illuminate\Database\Query\Builder.php(3460): Illuminate\Database\Query\Builder->runSelect()
#14 C:\Users\jhasa\Desktop\Santosh Quality store\vendor\laravel\framework\src\Illuminate\Database\Query\Builder.php(4050): Illuminate\Database\Query\Builder->Illuminate\Database\Query\{closure}()
#15 C:\Users\jhasa\Desktop\Santosh Quality store\vendor\laravel\framework\src\Illuminate\Database\Query\Builder.php(3459): Illuminate\Database\Query\Builder->onceWithColumns(Array, Object(Closure))
#16 C:\Users\jhasa\Desktop\Santosh Quality store\vendor\laravel\framework\src\Illuminate\Database\Eloquent\Builder.php(902): Illuminate\Database\Query\Builder->get(Array)
#17 C:\Users\jhasa\Desktop\Santosh Quality store\vendor\laravel\framework\src\Illuminate\Database\Eloquent\Builder.php(884): Illuminate\Database\Eloquent\Builder->getModels(Array)
#18 C:\Users\jhasa\Desktop\Santosh Quality store\app\Http\Controllers\Public\HomeController.php(18): Illuminate\Database\Eloquent\Builder->get()
#19 C:\Users\jhasa\Desktop\Santosh Quality store\vendor\laravel\framework\src\Illuminate\Routing\ControllerDispatcher.php(46): App\Http\Controllers\Public\HomeController->index()
#20 C:\Users\jhasa\Desktop\Santosh Quality store\vendor\laravel\framework\src\Illuminate\Routing\Route.php(265): Illuminate\Routing\ControllerDispatcher->dispatch(Object(Illuminate\Routing\Route), Object(App\Http\Controllers\Public\HomeController), 'index')
#21 C:\Users\jhasa\Desktop\Santosh Quality store\vendor\laravel\framework\src\Illuminate\Routing\Route.php(211): Illuminate\Routing\Route->runController()
#22 C:\Users\jhasa\Desktop\Santosh Quality store\vendor\laravel\framework\src\Illuminate\Routing\Router.php(822): Illuminate\Routing\Route->run()
#23 C:\Users\jhasa\Desktop\Santosh Quality store\vendor\laravel\framework\src\Illuminate\Pipeline\Pipeline.php(180): Illuminate\Routing\Router->Illuminate\Routing\{closure}(Object(Illuminate\Http\Request))
#24 C:\Users\jhasa\Desktop\Santosh Quality store\vendor\laravel\framework\src\Illuminate\Http\Middleware\AddLinkHeadersForPreloadedAssets.php(32): Illuminate\Pipeline\Pipeline->Illuminate\Pipeline\{closure}(Object(Illuminate\Http\Request))
#25 C:\Users\jhasa\Desktop\Santosh Quality store\vendor\laravel\framework\src\Illuminate\Pipeline\Pipeline.php(219): Illuminate\Http\Middleware\AddLinkHeadersForPreloadedAssets->handle(Object(Illuminate\Http\Request), Object(Closure))
#26 C:\Users\jhasa\Desktop\Santosh Quality store\vendor\inertiajs\inertia-laravel\src\Middleware.php(122): Illuminate\Pipeline\Pipeline->Illuminate\Pipeline\{closure}(Object(Illuminate\Http\Request))
#27 C:\Users\jhasa\Desktop\Santosh Quality store\vendor\laravel\framework\src\Illuminate\Pipeline\Pipeline.php(219): Inertia\Middleware->handle(Object(Illuminate\Http\Request), Object(Closure))
#28 C:\Users\jhasa\Desktop\Santosh Quality store\vendor\laravel\framework\src\Illuminate\Routing\Middleware\SubstituteBindings.php(50): Illuminate\Pipeline\Pipeline->Illuminate\Pipeline\{closure}(Object(Illuminate\Http\Request))
#29 C:\Users\jhasa\Desktop\Santosh Quality store\vendor\laravel\framework\src\Illuminate\Pipeline\Pipeline.php(219): Illuminate\Routing\Middleware\SubstituteBindings->handle(Object(Illuminate\Http\Request), Object(Closure))
#30 C:\Users\jhasa\Desktop\Santosh Quality store\vendor\laravel\framework\src\Illuminate\Foundation\Http\Middleware\VerifyCsrfToken.php(87): Illuminate\Pipeline\Pipeline->Illuminate\Pipeline\{closure}(Object(Illuminate\Http\Request))
#31 C:\Users\jhasa\Desktop\Santosh Quality store\vendor\laravel\framework\src\Illuminate\Pipeline\Pipeline.php(219): Illuminate\Foundation\Http\Middleware\VerifyCsrfToken->handle(Object(Illuminate\Http\Request), Object(Closure))
#32 C:\Users\jhasa\Desktop\Santosh Quality store\vendor\laravel\framework\src\Illuminate\View\Middleware\ShareErrorsFromSession.php(48): Illuminate\Pipeline\Pipeline->Illuminate\Pipeline\{closure}(Object(Illuminate\Http\Request))
#33 C:\Users\jhasa\Desktop\Santosh Quality store\vendor\laravel\framework\src\Illuminate\Pipeline\Pipeline.php(219): Illuminate\View\Middleware\ShareErrorsFromSession->handle(Object(Illuminate\Http\Request), Object(Closure))
#34 C:\Users\jhasa\Desktop\Santosh Quality store\vendor\laravel\framework\src\Illuminate\Session\Middleware\StartSession.php(120): Illuminate\Pipeline\Pipeline->Illuminate\Pipeline\{closure}(Object(Illuminate\Http\Request))
#35 C:\Users\jhasa\Desktop\Santosh Quality store\vendor\laravel\framework\src\Illuminate\Session\Middleware\StartSession.php(63): Illuminate\Session\Middleware\StartSession->handleStatefulRequest(Object(Illuminate\Http\Request), Object(Illuminate\Session\Store), Object(Closure))
#36 C:\Users\jhasa\Desktop\Santosh Quality store\vendor\laravel\framework\src\Illuminate\Pipeline\Pipeline.php(219): Illuminate\Session\Middleware\StartSession->handle(Object(Illuminate\Http\Request), Object(Closure))
#37 C:\Users\jhasa\Desktop\Santosh Quality store\vendor\laravel\framework\src\Illuminate\Cookie\Middleware\AddQueuedCookiesToResponse.php(36): Illuminate\Pipeline\Pipeline->Illuminate\Pipeline\{closure}(Object(Illuminate\Http\Request))
#38 C:\Users\jhasa\Desktop\Santosh Quality store\vendor\laravel\framework\src\Illuminate\Pipeline\Pipeline.php(219): Illuminate\Cookie\Middleware\AddQueuedCookiesToResponse->handle(Object(Illuminate\Http\Request), Object(Closure))
#39 C:\Users\jhasa\Desktop\Santosh Quality store\vendor\laravel\framework\src\Illuminate\Cookie\Middleware\EncryptCookies.php(74): Illuminate\Pipeline\Pipeline->Illuminate\Pipeline\{closure}(Object(Illuminate\Http\Request))
#40 C:\Users\jhasa\Desktop\Santosh Quality store\vendor\laravel\framework\src\Illuminate\Pipeline\Pipeline.php(219): Illuminate\Cookie\Middleware\EncryptCookies->handle(Object(Illuminate\Http\Request), Object(Closure))
#41 C:\Users\jhasa\Desktop\Santosh Quality store\vendor\laravel\framework\src\Illuminate\Pipeline\Pipeline.php(137): Illuminate\Pipeline\Pipeline->Illuminate\Pipeline\{closure}(Object(Illuminate\Http\Request))
#42 C:\Users\jhasa\Desktop\Santosh Quality store\vendor\laravel\framework\src\Illuminate\Routing\Router.php(821): Illuminate\Pipeline\Pipeline->then(Object(Closure))
#43 C:\Users\jhasa\Desktop\Santosh Quality store\vendor\laravel\framework\src\Illuminate\Routing\Router.php(800): Illuminate\Routing\Router->runRouteWithinStack(Object(Illuminate\Routing\Route), Object(Illuminate\Http\Request))
#44 C:\Users\jhasa\Desktop\Santosh Quality store\vendor\laravel\framework\src\Illuminate\Routing\Router.php(764): Illuminate\Routing\Router->runRoute(Object(Illuminate\Http\Request), Object(Illuminate\Routing\Route))
#45 C:\Users\jhasa\Desktop\Santosh Quality store\vendor\laravel\framework\src\Illuminate\Routing\Router.php(753): Illuminate\Routing\Router->dispatchToRoute(Object(Illuminate\Http\Request))
#46 C:\Users\jhasa\Desktop\Santosh Quality store\vendor\laravel\framework\src\Illuminate\Foundation\Http\Kernel.php(200): Illuminate\Routing\Router->dispatch(Object(Illuminate\Http\Request))
#47 C:\Users\jhasa\Desktop\Santosh Quality store\vendor\laravel\framework\src\Illuminate\Pipeline\Pipeline.php(180): Illuminate\Foundation\Http\Kernel->Illuminate\Foundation\Http\{closure}(Object(Illuminate\Http\Request))
#48 C:\Users\jhasa\Desktop\Santosh Quality store\vendor\laravel\framework\src\Illuminate\Foundation\Http\Middleware\TransformsRequest.php(21): Illuminate\Pipeline\Pipeline->Illuminate\Pipeline\{closure}(Object(Illuminate\Http\Request))
#49 C:\Users\jhasa\Desktop\Santosh Quality store\vendor\laravel\framework\src\Illuminate\Foundation\Http\Middleware\ConvertEmptyStringsToNull.php(31): Illuminate\Foundation\Http\Middleware\TransformsRequest->handle(Object(Illuminate\Http\Request), Object(Closure))
#50 C:\Users\jhasa\Desktop\Santosh Quality store\vendor\laravel\framework\src\Illuminate\Pipeline\Pipeline.php(219): Illuminate\Foundation\Http\Middleware\ConvertEmptyStringsToNull->handle(Object(Illuminate\Http\Request), Object(Closure))
#51 C:\Users\jhasa\Desktop\Santosh Quality store\vendor\laravel\framework\src\Illuminate\Foundation\Http\Middleware\TransformsRequest.php(21): Illuminate\Pipeline\Pipeline->Illuminate\Pipeline\{closure}(Object(Illuminate\Http\Request))
#52 C:\Users\jhasa\Desktop\Santosh Quality store\vendor\laravel\framework\src\Illuminate\Foundation\Http\Middleware\TrimStrings.php(51): Illuminate\Foundation\Http\Middleware\TransformsRequest->handle(Object(Illuminate\Http\Request), Object(Closure))
#53 C:\Users\jhasa\Desktop\Santosh Quality store\vendor\laravel\framework\src\Illuminate\Pipeline\Pipeline.php(219): Illuminate\Foundation\Http\Middleware\TrimStrings->handle(Object(Illuminate\Http\Request), Object(Closure))
#54 C:\Users\jhasa\Desktop\Santosh Quality store\vendor\laravel\framework\src\Illuminate\Http\Middleware\ValidatePostSize.php(27): Illuminate\Pipeline\Pipeline->Illuminate\Pipeline\{closure}(Object(Illuminate\Http\Request))
#55 C:\Users\jhasa\Desktop\Santosh Quality store\vendor\laravel\framework\src\Illuminate\Pipeline\Pipeline.php(219): Illuminate\Http\Middleware\ValidatePostSize->handle(Object(Illuminate\Http\Request), Object(Closure))
#56 C:\Users\jhasa\Desktop\Santosh Quality store\vendor\laravel\framework\src\Illuminate\Foundation\Http\Middleware\PreventRequestsDuringMaintenance.php(109): Illuminate\Pipeline\Pipeline->Illuminate\Pipeline\{closure}(Object(Illuminate\Http\Request))
#57 C:\Users\jhasa\Desktop\Santosh Quality store\vendor\laravel\framework\src\Illuminate\Pipeline\Pipeline.php(219): Illuminate\Foundation\Http\Middleware\PreventRequestsDuringMaintenance->handle(Object(Illuminate\Http\Request), Object(Closure))
#58 C:\Users\jhasa\Desktop\Santosh Quality store\vendor\laravel\framework\src\Illuminate\Http\Middleware\HandleCors.php(61): Illuminate\Pipeline\Pipeline->Illuminate\Pipeline\{closure}(Object(Illuminate\Http\Request))
#59 C:\Users\jhasa\Desktop\Santosh Quality store\vendor\laravel\framework\src\Illuminate\Pipeline\Pipeline.php(219): Illuminate\Http\Middleware\HandleCors->handle(Object(Illuminate\Http\Request), Object(Closure))
#60 C:\Users\jhasa\Desktop\Santosh Quality store\vendor\laravel\framework\src\Illuminate\Http\Middleware\TrustProxies.php(58): Illuminate\Pipeline\Pipeline->Illuminate\Pipeline\{closure}(Object(Illuminate\Http\Request))
#61 C:\Users\jhasa\Desktop\Santosh Quality store\vendor\laravel\framework\src\Illuminate\Pipeline\Pipeline.php(219): Illuminate\Http\Middleware\TrustProxies->handle(Object(Illuminate\Http\Request), Object(Closure))
#62 C:\Users\jhasa\Desktop\Santosh Quality store\vendor\laravel\framework\src\Illuminate\Foundation\Http\Middleware\InvokeDeferredCallbacks.php(22): Illuminate\Pipeline\Pipeline->Illuminate\Pipeline\{closure}(Object(Illuminate\Http\Request))
#63 C:\Users\jhasa\Desktop\Santosh Quality store\vendor\laravel\framework\src\Illuminate\Pipeline\Pipeline.php(219): Illuminate\Foundation\Http\Middleware\InvokeDeferredCallbacks->handle(Object(Illuminate\Http\Request), Object(Closure))
#64 C:\Users\jhasa\Desktop\Santosh Quality store\vendor\laravel\framework\src\Illuminate\Http\Middleware\ValidatePathEncoding.php(26): Illuminate\Pipeline\Pipeline->Illuminate\Pipeline\{closure}(Object(Illuminate\Http\Request))
#65 C:\Users\jhasa\Desktop\Santosh Quality store\vendor\laravel\framework\src\Illuminate\Pipeline\Pipeline.php(219): Illuminate\Http\Middleware\ValidatePathEncoding->handle(Object(Illuminate\Http\Request), Object(Closure))
#66 C:\Users\jhasa\Desktop\Santosh Quality store\vendor\laravel\framework\src\Illuminate\Pipeline\Pipeline.php(137): Illuminate\Pipeline\Pipeline->Illuminate\Pipeline\{closure}(Object(Illuminate\Http\Request))
#67 C:\Users\jhasa\Desktop\Santosh Quality store\vendor\laravel\framework\src\Illuminate\Foundation\Http\Kernel.php(175): Illuminate\Pipeline\Pipeline->then(Object(Closure))
#68 C:\Users\jhasa\Desktop\Santosh Quality store\vendor\laravel\framework\src\Illuminate\Foundation\Http\Kernel.php(144): Illuminate\Foundation\Http\Kernel->sendRequestThroughRouter(Object(Illuminate\Http\Request))
#69 C:\Users\jhasa\Desktop\Santosh Quality store\vendor\laravel\framework\src\Illuminate\Foundation\Testing\Concerns\MakesHttpRequests.php(607): Illuminate\Foundation\Http\Kernel->handle(Object(Illuminate\Http\Request))
#70 C:\Users\jhasa\Desktop\Santosh Quality store\vendor\laravel\framework\src\Illuminate\Foundation\Testing\Concerns\MakesHttpRequests.php(368): Illuminate\Foundation\Testing\TestCase->call('GET', '/', Array, Array, Array, Array)
#71 C:\Users\jhasa\Desktop\Santosh Quality store\tests\Feature\ExampleTest.php(15): Illuminate\Foundation\Testing\TestCase->get('/')
#72 C:\Users\jhasa\Desktop\Santosh Quality store\vendor\phpunit\phpunit\src\Framework\TestCase.php(1667): Tests\Feature\ExampleTest->test_the_application_returns_a_successful_response()
#73 C:\Users\jhasa\Desktop\Santosh Quality store\vendor\phpunit\phpunit\src\Framework\TestCase.php(519): PHPUnit\Framework\TestCase->runTest()
#74 C:\Users\jhasa\Desktop\Santosh Quality store\vendor\phpunit\phpunit\src\Framework\TestRunner\TestRunner.php(87): PHPUnit\Framework\TestCase->runBare()
#75 C:\Users\jhasa\Desktop\Santosh Quality store\vendor\phpunit\phpunit\src\Framework\TestCase.php(365): PHPUnit\Framework\TestRunner->run(Object(Tests\Feature\ExampleTest))
#76 C:\Users\jhasa\Desktop\Santosh Quality store\vendor\phpunit\phpunit\src\Framework\TestSuite.php(369): PHPUnit\Framework\TestCase->run()
#77 C:\Users\jhasa\Desktop\Santosh Quality store\vendor\phpunit\phpunit\src\Framework\TestSuite.php(369): PHPUnit\Framework\TestSuite->run()
#78 C:\Users\jhasa\Desktop\Santosh Quality store\vendor\phpunit\phpunit\src\Framework\TestSuite.php(369): PHPUnit\Framework\TestSuite->run()
#79 C:\Users\jhasa\Desktop\Santosh Quality store\vendor\phpunit\phpunit\src\TextUI\TestRunner.php(64): PHPUnit\Framework\TestSuite->run()
#80 C:\Users\jhasa\Desktop\Santosh Quality store\vendor\phpunit\phpunit\src\TextUI\Application.php(211): PHPUnit\TextUI\TestRunner->run(Object(PHPUnit\TextUI\Configuration\Configuration), Object(PHPUnit\Runner\ResultCache\DefaultResultCache), Object(PHPUnit\Framework\TestSuite))
#81 C:\Users\jhasa\Desktop\Santosh Quality store\vendor\phpunit\phpunit\phpunit(104): PHPUnit\TextUI\Application->run(Array)
#82 {main}

Next Illuminate\Database\QueryException: could not find driver (Connection: sqlite, Database: :memory:, SQL: select * from "products" where "is_active" = 1 and "is_featured" = 1 limit 8) in C:\Users\jhasa\Desktop\Santosh Quality store\vendor\laravel\framework\src\Illuminate\Database\Connection.php:838
Stack trace:
#0 C:\Users\jhasa\Desktop\Santosh Quality store\vendor\laravel\framework\src\Illuminate\Database\Connection.php(794): Illuminate\Database\Connection->runQueryCallback('select * from "...', Array, Object(Closure))
#1 C:\Users\jhasa\Desktop\Santosh Quality store\vendor\laravel\framework\src\Illuminate\Database\Connection.php(411): Illuminate\Database\Connection->run('select * from "...', Array, Object(Closure))
#2 C:\Users\jhasa\Desktop\Santosh Quality store\vendor\laravel\framework\src\Illuminate\Database\Query\Builder.php(3475): Illuminate\Database\Connection->select('select * from "...', Array, true)
#3 C:\Users\jhasa\Desktop\Santosh Quality store\vendor\laravel\framework\src\Illuminate\Database\Query\Builder.php(3460): Illuminate\Database\Query\Builder->runSelect()
#4 C:\Users\jhasa\Desktop\Santosh Quality store\vendor\laravel\framework\src\Illuminate\Database\Query\Builder.php(4050): Illuminate\Database\Query\Builder->Illuminate\Database\Query\{closure}()
#5 C:\Users\jhasa\Desktop\Santosh Quality store\vendor\laravel\framework\src\Illuminate\Database\Query\Builder.php(3459): Illuminate\Database\Query\Builder->onceWithColumns(Array, Object(Closure))
#6 C:\Users\jhasa\Desktop\Santosh Quality store\vendor\laravel\framework\src\Illuminate\Database\Eloquent\Builder.php(902): Illuminate\Database\Query\Builder->get(Array)
#7 C:\Users\jhasa\Desktop\Santosh Quality store\vendor\laravel\framework\src\Illuminate\Database\Eloquent\Builder.php(884): Illuminate\Database\Eloquent\Builder->getModels(Array)
#8 C:\Users\jhasa\Desktop\Santosh Quality store\app\Http\Controllers\Public\HomeController.php(18): Illuminate\Database\Eloquent\Builder->get()
#9 C:\Users\jhasa\Desktop\Santosh Quality store\vendor\laravel\framework\src\Illuminate\Routing\ControllerDispatcher.php(46): App\Http\Controllers\Public\HomeController->index()
#10 C:\Users\jhasa\Desktop\Santosh Quality store\vendor\laravel\framework\src\Illuminate\Routing\Route.php(265): Illuminate\Routing\ControllerDispatcher->dispatch(Object(Illuminate\Routing\Route), Object(App\Http\Controllers\Public\HomeController), 'index')
#11 C:\Users\jhasa\Desktop\Santosh Quality store\vendor\laravel\framework\src\Illuminate\Routing\Route.php(211): Illuminate\Routing\Route->runController()
#12 C:\Users\jhasa\Desktop\Santosh Quality store\vendor\laravel\framework\src\Illuminate\Routing\Router.php(822): Illuminate\Routing\Route->run()
#13 C:\Users\jhasa\Desktop\Santosh Quality store\vendor\laravel\framework\src\Illuminate\Pipeline\Pipeline.php(180): Illuminate\Routing\Router->Illuminate\Routing\{closure}(Object(Illuminate\Http\Request))
#14 C:\Users\jhasa\Desktop\Santosh Quality store\vendor\laravel\framework\src\Illuminate\Http\Middleware\AddLinkHeadersForPreloadedAssets.php(32): Illuminate\Pipeline\Pipeline->Illuminate\Pipeline\{closure}(Object(Illuminate\Http\Request))
#15 C:\Users\jhasa\Desktop\Santosh Quality store\vendor\laravel\framework\src\Illuminate\Pipeline\Pipeline.php(219): Illuminate\Http\Middleware\AddLinkHeadersForPreloadedAssets->handle(Object(Illuminate\Http\Request), Object(Closure))
#16 C:\Users\jhasa\Desktop\Santosh Quality store\vendor\inertiajs\inertia-laravel\src\Middleware.php(122): Illuminate\Pipeline\Pipeline->Illuminate\Pipeline\{closure}(Object(Illuminate\Http\Request))
#17 C:\Users\jhasa\Desktop\Santosh Quality store\vendor\laravel\framework\src\Illuminate\Pipeline\Pipeline.php(219): Inertia\Middleware->handle(Object(Illuminate\Http\Request), Object(Closure))
#18 C:\Users\jhasa\Desktop\Santosh Quality store\vendor\laravel\framework\src\Illuminate\Routing\Middleware\SubstituteBindings.php(50): Illuminate\Pipeline\Pipeline->Illuminate\Pipeline\{closure}(Object(Illuminate\Http\Request))
#19 C:\Users\jhasa\Desktop\Santosh Quality store\vendor\laravel\framework\src\Illuminate\Pipeline\Pipeline.php(219): Illuminate\Routing\Middleware\SubstituteBindings->handle(Object(Illuminate\Http\Request), Object(Closure))
#20 C:\Users\jhasa\Desktop\Santosh Quality store\vendor\laravel\framework\src\Illuminate\Foundation\Http\Middleware\VerifyCsrfToken.php(87): Illuminate\Pipeline\Pipeline->Illuminate\Pipeline\{closure}(Object(Illuminate\Http\Request))
#21 C:\Users\jhasa\Desktop\Santosh Quality store\vendor\laravel\framework\src\Illuminate\Pipeline\Pipeline.php(219): Illuminate\Foundation\Http\Middleware\VerifyCsrfToken->handle(Object(Illuminate\Http\Request), Object(Closure))
#22 C:\Users\jhasa\Desktop\Santosh Quality store\vendor\laravel\framework\src\Illuminate\View\Middleware\ShareErrorsFromSession.php(48): Illuminate\Pipeline\Pipeline->Illuminate\Pipeline\{closure}(Object(Illuminate\Http\Request))
#23 C:\Users\jhasa\Desktop\Santosh Quality store\vendor\laravel\framework\src\Illuminate\Pipeline\Pipeline.php(219): Illuminate\View\Middleware\ShareErrorsFromSession->handle(Object(Illuminate\Http\Request), Object(Closure))
#24 C:\Users\jhasa\Desktop\Santosh Quality store\vendor\laravel\framework\src\Illuminate\Session\Middleware\StartSession.php(120): Illuminate\Pipeline\Pipeline->Illuminate\Pipeline\{closure}(Object(Illuminate\Http\Request))
#25 C:\Users\jhasa\Desktop\Santosh Quality store\vendor\laravel\framework\src\Illuminate\Session\Middleware\StartSession.php(63): Illuminate\Session\Middleware\StartSession->handleStatefulRequest(Object(Illuminate\Http\Request), Object(Illuminate\Session\Store), Object(Closure))
#26 C:\Users\jhasa\Desktop\Santosh Quality store\vendor\laravel\framework\src\Illuminate\Pipeline\Pipeline.php(219): Illuminate\Session\Middleware\StartSession->handle(Object(Illuminate\Http\Request), Object(Closure))
#27 C:\Users\jhasa\Desktop\Santosh Quality store\vendor\laravel\framework\src\Illuminate\Cookie\Middleware\AddQueuedCookiesToResponse.php(36): Illuminate\Pipeline\Pipeline->Illuminate\Pipeline\{closure}(Object(Illuminate\Http\Request))
#28 C:\Users\jhasa\Desktop\Santosh Quality store\vendor\laravel\framework\src\Illuminate\Pipeline\Pipeline.php(219): Illuminate\Cookie\Middleware\AddQueuedCookiesToResponse->handle(Object(Illuminate\Http\Request), Object(Closure))
#29 C:\Users\jhasa\Desktop\Santosh Quality store\vendor\laravel\framework\src\Illuminate\Cookie\Middleware\EncryptCookies.php(74): Illuminate\Pipeline\Pipeline->Illuminate\Pipeline\{closure}(Object(Illuminate\Http\Request))
#30 C:\Users\jhasa\Desktop\Santosh Quality store\vendor\laravel\framework\src\Illuminate\Pipeline\Pipeline.php(219): Illuminate\Cookie\Middleware\EncryptCookies->handle(Object(Illuminate\Http\Request), Object(Closure))
#31 C:\Users\jhasa\Desktop\Santosh Quality store\vendor\laravel\framework\src\Illuminate\Pipeline\Pipeline.php(137): Illuminate\Pipeline\Pipeline->Illuminate\Pipeline\{closure}(Object(Illuminate\Http\Request))
#32 C:\Users\jhasa\Desktop\Santosh Quality store\vendor\laravel\framework\src\Illuminate\Routing\Router.php(821): Illuminate\Pipeline\Pipeline->then(Object(Closure))
#33 C:\Users\jhasa\Desktop\Santosh Quality store\vendor\laravel\framework\src\Illuminate\Routing\Router.php(800): Illuminate\Routing\Router->runRouteWithinStack(Object(Illuminate\Routing\Route), Object(Illuminate\Http\Request))
#34 C:\Users\jhasa\Desktop\Santosh Quality store\vendor\laravel\framework\src\Illuminate\Routing\Router.php(764): Illuminate\Routing\Router->runRoute(Object(Illuminate\Http\Request), Object(Illuminate\Routing\Route))
#35 C:\Users\jhasa\Desktop\Santosh Quality store\vendor\laravel\framework\src\Illuminate\Routing\Router.php(753): Illuminate\Routing\Router->dispatchToRoute(Object(Illuminate\Http\Request))
#36 C:\Users\jhasa\Desktop\Santosh Quality store\vendor\laravel\framework\src\Illuminate\Foundation\Http\Kernel.php(200): Illuminate\Routing\Router->dispatch(Object(Illuminate\Http\Request))
#37 C:\Users\jhasa\Desktop\Santosh Quality store\vendor\laravel\framework\src\Illuminate\Pipeline\Pipeline.php(180): Illuminate\Foundation\Http\Kernel->Illuminate\Foundation\Http\{closure}(Object(Illuminate\Http\Request))
#38 C:\Users\jhasa\Desktop\Santosh Quality store\vendor\laravel\framework\src\Illuminate\Foundation\Http\Middleware\TransformsRequest.php(21): Illuminate\Pipeline\Pipeline->Illuminate\Pipeline\{closure}(Object(Illuminate\Http\Request))
#39 C:\Users\jhasa\Desktop\Santosh Quality store\vendor\laravel\framework\src\Illuminate\Foundation\Http\Middleware\ConvertEmptyStringsToNull.php(31): Illuminate\Foundation\Http\Middleware\TransformsRequest->handle(Object(Illuminate\Http\Request), Object(Closure))
#40 C:\Users\jhasa\Desktop\Santosh Quality store\vendor\laravel\framework\src\Illuminate\Pipeline\Pipeline.php(219): Illuminate\Foundation\Http\Middleware\ConvertEmptyStringsToNull->handle(Object(Illuminate\Http\Request), Object(Closure))
#41 C:\Users\jhasa\Desktop\Santosh Quality store\vendor\laravel\framework\src\Illuminate\Foundation\Http\Middleware\TransformsRequest.php(21): Illuminate\Pipeline\Pipeline->Illuminate\Pipeline\{closure}(Object(Illuminate\Http\Request))
#42 C:\Users\jhasa\Desktop\Santosh Quality store\vendor\laravel\framework\src\Illuminate\Foundation\Http\Middleware\TrimStrings.php(51): Illuminate\Foundation\Http\Middleware\TransformsRequest->handle(Object(Illuminate\Http\Request), Object(Closure))
#43 C:\Users\jhasa\Desktop\Santosh Quality store\vendor\laravel\framework\src\Illuminate\Pipeline\Pipeline.php(219): Illuminate\Foundation\Http\Middleware\TrimStrings->handle(Object(Illuminate\Http\Request), Object(Closure))
#44 C:\Users\jhasa\Desktop\Santosh Quality store\vendor\laravel\framework\src\Illuminate\Http\Middleware\ValidatePostSize.php(27): Illuminate\Pipeline\Pipeline->Illuminate\Pipeline\{closure}(Object(Illuminate\Http\Request))
#45 C:\Users\jhasa\Desktop\Santosh Quality store\vendor\laravel\framework\src\Illuminate\Pipeline\Pipeline.php(219): Illuminate\Http\Middleware\ValidatePostSize->handle(Object(Illuminate\Http\Request), Object(Closure))
#46 C:\Users\jhasa\Desktop\Santosh Quality store\vendor\laravel\framework\src\Illuminate\Foundation\Http\Middleware\PreventRequestsDuringMaintenance.php(109): Illuminate\Pipeline\Pipeline->Illuminate\Pipeline\{closure}(Object(Illuminate\Http\Request))
#47 C:\Users\jhasa\Desktop\Santosh Quality store\vendor\laravel\framework\src\Illuminate\Pipeline\Pipeline.php(219): Illuminate\Foundation\Http\Middleware\PreventRequestsDuringMaintenance->handle(Object(Illuminate\Http\Request), Object(Closure))
#48 C:\Users\jhasa\Desktop\Santosh Quality store\vendor\laravel\framework\src\Illuminate\Http\Middleware\HandleCors.php(61): Illuminate\Pipeline\Pipeline->Illuminate\Pipeline\{closure}(Object(Illuminate\Http\Request))
#49 C:\Users\jhasa\Desktop\Santosh Quality store\vendor\laravel\framework\src\Illuminate\Pipeline\Pipeline.php(219): Illuminate\Http\Middleware\HandleCors->handle(Object(Illuminate\Http\Request), Object(Closure))
#50 C:\Users\jhasa\Desktop\Santosh Quality store\vendor\laravel\framework\src\Illuminate\Http\Middleware\TrustProxies.php(58): Illuminate\Pipeline\Pipeline->Illuminate\Pipeline\{closure}(Object(Illuminate\Http\Request))
#51 C:\Users\jhasa\Desktop\Santosh Quality store\vendor\laravel\framework\src\Illuminate\Pipeline\Pipeline.php(219): Illuminate\Http\Middleware\TrustProxies->handle(Object(Illuminate\Http\Request), Object(Closure))
#52 C:\Users\jhasa\Desktop\Santosh Quality store\vendor\laravel\framework\src\Illuminate\Foundation\Http\Middleware\InvokeDeferredCallbacks.php(22): Illuminate\Pipeline\Pipeline->Illuminate\Pipeline\{closure}(Object(Illuminate\Http\Request))
#53 C:\Users\jhasa\Desktop\Santosh Quality store\vendor\laravel\framework\src\Illuminate\Pipeline\Pipeline.php(219): Illuminate\Foundation\Http\Middleware\InvokeDeferredCallbacks->handle(Object(Illuminate\Http\Request), Object(Closure))
#54 C:\Users\jhasa\Desktop\Santosh Quality store\vendor\laravel\framework\src\Illuminate\Http\Middleware\ValidatePathEncoding.php(26): Illuminate\Pipeline\Pipeline->Illuminate\Pipeline\{closure}(Object(Illuminate\Http\Request))
#55 C:\Users\jhasa\Desktop\Santosh Quality store\vendor\laravel\framework\src\Illuminate\Pipeline\Pipeline.php(219): Illuminate\Http\Middleware\ValidatePathEncoding->handle(Object(Illuminate\Http\Request), Object(Closure))
#56 C:\Users\jhasa\Desktop\Santosh Quality store\vendor\laravel\framework\src\Illuminate\Pipeline\Pipeline.php(137): Illuminate\Pipeline\Pipeline->Illuminate\Pipeline\{closure}(Object(Illuminate\Http\Request))
#57 C:\Users\jhasa\Desktop\Santosh Quality store\vendor\laravel\framework\src\Illuminate\Foundation\Http\Kernel.php(175): Illuminate\Pipeline\Pipeline->then(Object(Closure))
#58 C:\Users\jhasa\Desktop\Santosh Quality store\vendor\laravel\framework\src\Illuminate\Foundation\Http\Kernel.php(144): Illuminate\Foundation\Http\Kernel->sendRequestThroughRouter(Object(Illuminate\Http\Request))
#59 C:\Users\jhasa\Desktop\Santosh Quality store\vendor\laravel\framework\src\Illuminate\Foundation\Testing\Concerns\MakesHttpRequests.php(607): Illuminate\Foundation\Http\Kernel->handle(Object(Illuminate\Http\Request))
#60 C:\Users\jhasa\Desktop\Santosh Quality store\vendor\laravel\framework\src\Illuminate\Foundation\Testing\Concerns\MakesHttpRequests.php(368): Illuminate\Foundation\Testing\TestCase->call('GET', '/', Array, Array, Array, Array)
#61 C:\Users\jhasa\Desktop\Santosh Quality store\tests\Feature\ExampleTest.php(15): Illuminate\Foundation\Testing\TestCase->get('/')
#62 C:\Users\jhasa\Desktop\Santosh Quality store\vendor\phpunit\phpunit\src\Framework\TestCase.php(1667): Tests\Feature\ExampleTest->test_the_application_returns_a_successful_response()
#63 C:\Users\jhasa\Desktop\Santosh Quality store\vendor\phpunit\phpunit\src\Framework\TestCase.php(519): PHPUnit\Framework\TestCase->runTest()
#64 C:\Users\jhasa\Desktop\Santosh Quality store\vendor\phpunit\phpunit\src\Framework\TestRunner\TestRunner.php(87): PHPUnit\Framework\TestCase->runBare()
#65 C:\Users\jhasa\Desktop\Santosh Quality store\vendor\phpunit\phpunit\src\Framework\TestCase.php(365): PHPUnit\Framework\TestRunner->run(Object(Tests\Feature\ExampleTest))
#66 C:\Users\jhasa\Desktop\Santosh Quality store\vendor\phpunit\phpunit\src\Framework\TestSuite.php(369): PHPUnit\Framework\TestCase->run()
#67 C:\Users\jhasa\Desktop\Santosh Quality store\vendor\phpunit\phpunit\src\Framework\TestSuite.php(369): PHPUnit\Framework\TestSuite->run()
#68 C:\Users\jhasa\Desktop\Santosh Quality store\vendor\phpunit\phpunit\src\Framework\TestSuite.php(369): PHPUnit\Framework\TestSuite->run()
#69 C:\Users\jhasa\Desktop\Santosh Quality store\vendor\phpunit\phpunit\src\TextUI\TestRunner.php(64): PHPUnit\Framework\TestSuite->run()
#70 C:\Users\jhasa\Desktop\Santosh Quality store\vendor\phpunit\phpunit\src\TextUI\Application.php(211): PHPUnit\TextUI\TestRunner->run(Object(PHPUnit\TextUI\Configuration\Configuration), Object(PHPUnit\Runner\ResultCache\DefaultResultCache), Object(PHPUnit\Framework\TestSuite))
#71 C:\Users\jhasa\Desktop\Santosh Quality store\vendor\phpunit\phpunit\phpunit(104): PHPUnit\TextUI\Application->run(Array)
#72 {main}

----------------------------------------------------------------------------------

could not find driver (Connection: sqlite, Database: :memory:, SQL: select * from "products" where "is_active" = 1 and "is_featured" = 1 limit 8)

  at tests\Feature\ExampleTest.php:17
     13▕     public function test_the_application_returns_a_successful_response(): void
     14▕     {
     15▕         $response = $this->get('/');
     16▕ 
  ➜  17▕         $response->assertStatus(200);
     18▕     }
     19▕ }
     20▕

  ───────────────────  
  …   QueryException   
  could not find driver (Connection: sqlite, Database: :memory:, SQL: select exists (select 1 from "main".sqlite_master where name = 'migrations' and type = 'table') as "exists")

  at vendor\laravel\framework\src\Illuminate\Database\Connection.php:838
    834▕             $exceptionType = $this->isUniqueConstraintError($e)
    835▕                 ? UniqueConstraintViolationException::class
    836▕                 : QueryException::class;
    837▕ 
  ➜ 838▕             throw new $exceptionType(
    839▕                 $this->getNameWithReadWriteType(),
    840▕                 $query,
    841▕                 $this->prepareBindings($bindings),
    842▕                 $e,

  1   vendor\laravel\framework\src\Illuminate\Database\Connection.php:838

  2   vendor\laravel\framework\src\Illuminate\Database\Connectors\Connector.php:66
      NunoMaduro\Collision\Exceptions\TestException::("could not find driver")

  ───────────────────  
  …   QueryException   
  could not find driver (Connection: sqlite, Database: :memory:, SQL: select exists (select 1 from "main".sqlite_master where name = 'migrations' and type = 'table') as "exists")

  at vendor\laravel\framework\src\Illuminate\Database\Connection.php:838
    834▕             $exceptionType = $this->isUniqueConstraintError($e)
    835▕                 ? UniqueConstraintViolationException::class
    836▕                 : QueryException::class;
    837▕ 
  ➜ 838▕             throw new $exceptionType(
    839▕                 $this->getNameWithReadWriteType(),
    840▕                 $query,
    841▕                 $this->prepareBindings($bindings),
    842▕                 $e,

  1   vendor\laravel\framework\src\Illuminate\Database\Connection.php:838

  2   vendor\laravel\framework\src\Illuminate\Database\Connectors\Connector.php:66
      NunoMaduro\Collision\Exceptions\TestException::("could not find driver")

  ───────────────────  
  …   QueryException   
  could not find driver (Connection: sqlite, Database: :memory:, SQL: select exists (select 1 from "main".sqlite_master where name = 'migrations' and type = 'table') as "exists")

  at vendor\laravel\framework\src\Illuminate\Database\Connection.php:838
    834▕             $exceptionType = $this->isUniqueConstraintError($e)
    835▕                 ? UniqueConstraintViolationException::class
    836▕                 : QueryException::class;
    837▕ 
  ➜ 838▕             throw new $exceptionType(
    839▕                 $this->getNameWithReadWriteType(),
    840▕                 $query,
    841▕                 $this->prepareBindings($bindings),
    842▕                 $e,

  1   vendor\laravel\framework\src\Illuminate\Database\Connection.php:838

  2   vendor\laravel\framework\src\Illuminate\Database\Connectors\Connector.php:66
      NunoMaduro\Collision\Exceptions\TestException::("could not find driver")

  ───────────────────  
  …   QueryException   
  could not find driver (Connection: sqlite, Database: :memory:, SQL: select exists (select 1 from "main".sqlite_master where name = 'migrations' and type = 'table') as "exists")

  at vendor\laravel\framework\src\Illuminate\Database\Connection.php:838
    834▕             $exceptionType = $this->isUniqueConstraintError($e)
    835▕                 ? UniqueConstraintViolationException::class
    836▕                 : QueryException::class;
    837▕ 
  ➜ 838▕             throw new $exceptionType(
    839▕                 $this->getNameWithReadWriteType(),
    840▕                 $query,
    841▕                 $this->prepareBindings($bindings),
    842▕                 $e,

  1   vendor\laravel\framework\src\Illuminate\Database\Connection.php:838

  2   vendor\laravel\framework\src\Illuminate\Database\Connectors\Connector.php:66
      NunoMaduro\Collision\Exceptions\TestException::("could not find driver")

  ───────────────────  
  …   QueryException   
  could not find driver (Connection: sqlite, Database: :memory:, SQL: select exists (select 1 from "main".sqlite_master where name = 'migrations' and type = 'table') as "exists")

  at vendor\laravel\framework\src\Illuminate\Database\Connection.php:838
    834▕             $exceptionType = $this->isUniqueConstraintError($e)
    835▕                 ? UniqueConstraintViolationException::class
    836▕                 : QueryException::class;
    837▕ 
  ➜ 838▕             throw new $exceptionType(
    839▕                 $this->getNameWithReadWriteType(),
    840▕                 $query,
    841▕                 $this->prepareBindings($bindings),
    842▕                 $e,

  1   vendor\laravel\framework\src\Illuminate\Database\Connection.php:838

  2   vendor\laravel\framework\src\Illuminate\Database\Connectors\Connector.php:66
      NunoMaduro\Collision\Exceptions\TestException::("could not find driver")


  Tests:    27 failed, 1 passed (2 assertions)
  Duration: 2.89s

